Archive member included to satisfy reference by file (symbol)

c:/users/willi/documents/12. microshipstudio/7.0/toolchain/avr8/avr8-gnu-toolchain/bin/../lib/gcc/avr/5.4.0/avr25\libgcc.a(_udivmodqi4.o)
                              Display/Display.o (__udivmodqi4)
c:/users/willi/documents/12. microshipstudio/7.0/toolchain/avr8/avr8-gnu-toolchain/bin/../lib/gcc/avr/5.4.0/avr25\libgcc.a(_exit.o)
                              C:/Users/willi/Documents/12. MicroShipStudio/7.0/Packs/atmel/ATtiny_DFP/1.8.332/gcc/dev/attiny828/avr25/crtattiny828.o (exit)
c:/users/willi/documents/12. microshipstudio/7.0/toolchain/avr8/avr8-gnu-toolchain/bin/../lib/gcc/avr/5.4.0/avr25\libgcc.a(_copy_data.o)
                              Display/Display.o (__do_copy_data)
c:/users/willi/documents/12. microshipstudio/7.0/toolchain/avr8/avr8-gnu-toolchain/bin/../lib/gcc/avr/5.4.0/avr25\libgcc.a(_clear_bss.o)
                              Display/Display.o (__do_clear_bss)

Discarded input sections

 .data          0x00000000        0x0 C:/Users/willi/Documents/12. MicroShipStudio/7.0/Packs/atmel/ATtiny_DFP/1.8.332/gcc/dev/attiny828/avr25/crtattiny828.o
 .bss           0x00000000        0x0 C:/Users/willi/Documents/12. MicroShipStudio/7.0/Packs/atmel/ATtiny_DFP/1.8.332/gcc/dev/attiny828/avr25/crtattiny828.o
 .text          0x00000000        0x0 Display/Display.o
 .data          0x00000000        0x0 Display/Display.o
 .bss           0x00000000        0x0 Display/Display.o
 .text          0x00000000        0x0 I2C/I2C.o
 .data          0x00000000        0x0 I2C/I2C.o
 .bss           0x00000000        0x0 I2C/I2C.o
 .text          0x00000000        0x0 main.o
 .data          0x00000000        0x0 main.o
 .bss           0x00000000        0x0 main.o
 .text.convert4bits
                0x00000000        0x4 main.o
 .text.convert7bits
                0x00000000        0x4 main.o
 .text.printl   0x00000000        0x4 main.o
 .text          0x00000000        0x0 TDA/TDA.o
 .data          0x00000000        0x0 TDA/TDA.o
 .bss           0x00000000        0x0 TDA/TDA.o
 .debug_line    0x00000000        0x0 TDA/TDA.o
 .debug_str     0x00000000      0x15d TDA/TDA.o
 .comment       0x00000000       0x31 TDA/TDA.o
 .text          0x00000000        0x0 c:/users/willi/documents/12. microshipstudio/7.0/toolchain/avr8/avr8-gnu-toolchain/bin/../lib/gcc/avr/5.4.0/avr25\libgcc.a(_udivmodqi4.o)
 .data          0x00000000        0x0 c:/users/willi/documents/12. microshipstudio/7.0/toolchain/avr8/avr8-gnu-toolchain/bin/../lib/gcc/avr/5.4.0/avr25\libgcc.a(_udivmodqi4.o)
 .bss           0x00000000        0x0 c:/users/willi/documents/12. microshipstudio/7.0/toolchain/avr8/avr8-gnu-toolchain/bin/../lib/gcc/avr/5.4.0/avr25\libgcc.a(_udivmodqi4.o)
 .text.libgcc.mul
                0x00000000        0x0 c:/users/willi/documents/12. microshipstudio/7.0/toolchain/avr8/avr8-gnu-toolchain/bin/../lib/gcc/avr/5.4.0/avr25\libgcc.a(_udivmodqi4.o)
 .text.libgcc   0x00000000        0x0 c:/users/willi/documents/12. microshipstudio/7.0/toolchain/avr8/avr8-gnu-toolchain/bin/../lib/gcc/avr/5.4.0/avr25\libgcc.a(_udivmodqi4.o)
 .text.libgcc.prologue
                0x00000000        0x0 c:/users/willi/documents/12. microshipstudio/7.0/toolchain/avr8/avr8-gnu-toolchain/bin/../lib/gcc/avr/5.4.0/avr25\libgcc.a(_udivmodqi4.o)
 .text.libgcc.builtins
                0x00000000        0x0 c:/users/willi/documents/12. microshipstudio/7.0/toolchain/avr8/avr8-gnu-toolchain/bin/../lib/gcc/avr/5.4.0/avr25\libgcc.a(_udivmodqi4.o)
 .text.libgcc.fmul
                0x00000000        0x0 c:/users/willi/documents/12. microshipstudio/7.0/toolchain/avr8/avr8-gnu-toolchain/bin/../lib/gcc/avr/5.4.0/avr25\libgcc.a(_udivmodqi4.o)
 .text.libgcc.fixed
                0x00000000        0x0 c:/users/willi/documents/12. microshipstudio/7.0/toolchain/avr8/avr8-gnu-toolchain/bin/../lib/gcc/avr/5.4.0/avr25\libgcc.a(_udivmodqi4.o)
 .text          0x00000000        0x0 c:/users/willi/documents/12. microshipstudio/7.0/toolchain/avr8/avr8-gnu-toolchain/bin/../lib/gcc/avr/5.4.0/avr25\libgcc.a(_exit.o)
 .data          0x00000000        0x0 c:/users/willi/documents/12. microshipstudio/7.0/toolchain/avr8/avr8-gnu-toolchain/bin/../lib/gcc/avr/5.4.0/avr25\libgcc.a(_exit.o)
 .bss           0x00000000        0x0 c:/users/willi/documents/12. microshipstudio/7.0/toolchain/avr8/avr8-gnu-toolchain/bin/../lib/gcc/avr/5.4.0/avr25\libgcc.a(_exit.o)
 .text.libgcc.mul
                0x00000000        0x0 c:/users/willi/documents/12. microshipstudio/7.0/toolchain/avr8/avr8-gnu-toolchain/bin/../lib/gcc/avr/5.4.0/avr25\libgcc.a(_exit.o)
 .text.libgcc.div
                0x00000000        0x0 c:/users/willi/documents/12. microshipstudio/7.0/toolchain/avr8/avr8-gnu-toolchain/bin/../lib/gcc/avr/5.4.0/avr25\libgcc.a(_exit.o)
 .text.libgcc   0x00000000        0x0 c:/users/willi/documents/12. microshipstudio/7.0/toolchain/avr8/avr8-gnu-toolchain/bin/../lib/gcc/avr/5.4.0/avr25\libgcc.a(_exit.o)
 .text.libgcc.prologue
                0x00000000        0x0 c:/users/willi/documents/12. microshipstudio/7.0/toolchain/avr8/avr8-gnu-toolchain/bin/../lib/gcc/avr/5.4.0/avr25\libgcc.a(_exit.o)
 .text.libgcc.builtins
                0x00000000        0x0 c:/users/willi/documents/12. microshipstudio/7.0/toolchain/avr8/avr8-gnu-toolchain/bin/../lib/gcc/avr/5.4.0/avr25\libgcc.a(_exit.o)
 .text.libgcc.fmul
                0x00000000        0x0 c:/users/willi/documents/12. microshipstudio/7.0/toolchain/avr8/avr8-gnu-toolchain/bin/../lib/gcc/avr/5.4.0/avr25\libgcc.a(_exit.o)
 .text.libgcc.fixed
                0x00000000        0x0 c:/users/willi/documents/12. microshipstudio/7.0/toolchain/avr8/avr8-gnu-toolchain/bin/../lib/gcc/avr/5.4.0/avr25\libgcc.a(_exit.o)
 .text          0x00000000        0x0 c:/users/willi/documents/12. microshipstudio/7.0/toolchain/avr8/avr8-gnu-toolchain/bin/../lib/gcc/avr/5.4.0/avr25\libgcc.a(_copy_data.o)
 .data          0x00000000        0x0 c:/users/willi/documents/12. microshipstudio/7.0/toolchain/avr8/avr8-gnu-toolchain/bin/../lib/gcc/avr/5.4.0/avr25\libgcc.a(_copy_data.o)
 .bss           0x00000000        0x0 c:/users/willi/documents/12. microshipstudio/7.0/toolchain/avr8/avr8-gnu-toolchain/bin/../lib/gcc/avr/5.4.0/avr25\libgcc.a(_copy_data.o)
 .text.libgcc.mul
                0x00000000        0x0 c:/users/willi/documents/12. microshipstudio/7.0/toolchain/avr8/avr8-gnu-toolchain/bin/../lib/gcc/avr/5.4.0/avr25\libgcc.a(_copy_data.o)
 .text.libgcc.div
                0x00000000        0x0 c:/users/willi/documents/12. microshipstudio/7.0/toolchain/avr8/avr8-gnu-toolchain/bin/../lib/gcc/avr/5.4.0/avr25\libgcc.a(_copy_data.o)
 .text.libgcc   0x00000000        0x0 c:/users/willi/documents/12. microshipstudio/7.0/toolchain/avr8/avr8-gnu-toolchain/bin/../lib/gcc/avr/5.4.0/avr25\libgcc.a(_copy_data.o)
 .text.libgcc.prologue
                0x00000000        0x0 c:/users/willi/documents/12. microshipstudio/7.0/toolchain/avr8/avr8-gnu-toolchain/bin/../lib/gcc/avr/5.4.0/avr25\libgcc.a(_copy_data.o)
 .text.libgcc.builtins
                0x00000000        0x0 c:/users/willi/documents/12. microshipstudio/7.0/toolchain/avr8/avr8-gnu-toolchain/bin/../lib/gcc/avr/5.4.0/avr25\libgcc.a(_copy_data.o)
 .text.libgcc.fmul
                0x00000000        0x0 c:/users/willi/documents/12. microshipstudio/7.0/toolchain/avr8/avr8-gnu-toolchain/bin/../lib/gcc/avr/5.4.0/avr25\libgcc.a(_copy_data.o)
 .text.libgcc.fixed
                0x00000000        0x0 c:/users/willi/documents/12. microshipstudio/7.0/toolchain/avr8/avr8-gnu-toolchain/bin/../lib/gcc/avr/5.4.0/avr25\libgcc.a(_copy_data.o)
 .text          0x00000000        0x0 c:/users/willi/documents/12. microshipstudio/7.0/toolchain/avr8/avr8-gnu-toolchain/bin/../lib/gcc/avr/5.4.0/avr25\libgcc.a(_clear_bss.o)
 .data          0x00000000        0x0 c:/users/willi/documents/12. microshipstudio/7.0/toolchain/avr8/avr8-gnu-toolchain/bin/../lib/gcc/avr/5.4.0/avr25\libgcc.a(_clear_bss.o)
 .bss           0x00000000        0x0 c:/users/willi/documents/12. microshipstudio/7.0/toolchain/avr8/avr8-gnu-toolchain/bin/../lib/gcc/avr/5.4.0/avr25\libgcc.a(_clear_bss.o)
 .text.libgcc.mul
                0x00000000        0x0 c:/users/willi/documents/12. microshipstudio/7.0/toolchain/avr8/avr8-gnu-toolchain/bin/../lib/gcc/avr/5.4.0/avr25\libgcc.a(_clear_bss.o)
 .text.libgcc.div
                0x00000000        0x0 c:/users/willi/documents/12. microshipstudio/7.0/toolchain/avr8/avr8-gnu-toolchain/bin/../lib/gcc/avr/5.4.0/avr25\libgcc.a(_clear_bss.o)
 .text.libgcc   0x00000000        0x0 c:/users/willi/documents/12. microshipstudio/7.0/toolchain/avr8/avr8-gnu-toolchain/bin/../lib/gcc/avr/5.4.0/avr25\libgcc.a(_clear_bss.o)
 .text.libgcc.prologue
                0x00000000        0x0 c:/users/willi/documents/12. microshipstudio/7.0/toolchain/avr8/avr8-gnu-toolchain/bin/../lib/gcc/avr/5.4.0/avr25\libgcc.a(_clear_bss.o)
 .text.libgcc.builtins
                0x00000000        0x0 c:/users/willi/documents/12. microshipstudio/7.0/toolchain/avr8/avr8-gnu-toolchain/bin/../lib/gcc/avr/5.4.0/avr25\libgcc.a(_clear_bss.o)
 .text.libgcc.fmul
                0x00000000        0x0 c:/users/willi/documents/12. microshipstudio/7.0/toolchain/avr8/avr8-gnu-toolchain/bin/../lib/gcc/avr/5.4.0/avr25\libgcc.a(_clear_bss.o)
 .text.libgcc.fixed
                0x00000000        0x0 c:/users/willi/documents/12. microshipstudio/7.0/toolchain/avr8/avr8-gnu-toolchain/bin/../lib/gcc/avr/5.4.0/avr25\libgcc.a(_clear_bss.o)

Memory Configuration

Name             Origin             Length             Attributes
text             0x00000000         0x00002000         xr
data             0x00800100         0x00000200         rw !x
eeprom           0x00810000         0x00000100         rw !x
fuse             0x00820000         0x00000003         rw !x
lock             0x00830000         0x00000400         rw !x
signature        0x00840000         0x00000400         rw !x
user_signatures  0x00850000         0x00000400         rw !x
*default*        0x00000000         0xffffffff

Linker script and memory map

Address of section .data set to 0x800100
LOAD C:/Users/willi/Documents/12. MicroShipStudio/7.0/Packs/atmel/ATtiny_DFP/1.8.332/gcc/dev/attiny828/avr25/crtattiny828.o
LOAD Display/Display.o
LOAD I2C/I2C.o
LOAD main.o
LOAD TDA/TDA.o
START GROUP
LOAD c:/users/willi/documents/12. microshipstudio/7.0/toolchain/avr8/avr8-gnu-toolchain/bin/../lib/gcc/avr/5.4.0/../../../../avr/lib/avr25\libm.a
END GROUP
START GROUP
LOAD c:/users/willi/documents/12. microshipstudio/7.0/toolchain/avr8/avr8-gnu-toolchain/bin/../lib/gcc/avr/5.4.0/avr25\libgcc.a
LOAD c:/users/willi/documents/12. microshipstudio/7.0/toolchain/avr8/avr8-gnu-toolchain/bin/../lib/gcc/avr/5.4.0/../../../../avr/lib/avr25\libm.a
LOAD c:/users/willi/documents/12. microshipstudio/7.0/toolchain/avr8/avr8-gnu-toolchain/bin/../lib/gcc/avr/5.4.0/../../../../avr/lib/avr25\libc.a
LOAD C:/Users/willi/Documents/12. MicroShipStudio/7.0/Packs/atmel/ATtiny_DFP/1.8.332/gcc/dev/attiny828/avr25\libattiny828.a
END GROUP
                [0x00000000]                __TEXT_REGION_ORIGIN__ = DEFINED (__TEXT_REGION_ORIGIN__)?__TEXT_REGION_ORIGIN__:0x0
                [0x00800100]                __DATA_REGION_ORIGIN__ = DEFINED (__DATA_REGION_ORIGIN__)?__DATA_REGION_ORIGIN__:0x800060
                [0x00002000]                __TEXT_REGION_LENGTH__ = DEFINED (__TEXT_REGION_LENGTH__)?__TEXT_REGION_LENGTH__:0x2000
                [0x00000200]                __DATA_REGION_LENGTH__ = DEFINED (__DATA_REGION_LENGTH__)?__DATA_REGION_LENGTH__:0xffa0
                [0x00000100]                __EEPROM_REGION_LENGTH__ = DEFINED (__EEPROM_REGION_LENGTH__)?__EEPROM_REGION_LENGTH__:0x10000
                [0x00000003]                __FUSE_REGION_LENGTH__ = DEFINED (__FUSE_REGION_LENGTH__)?__FUSE_REGION_LENGTH__:0x400
                0x00000400                __LOCK_REGION_LENGTH__ = DEFINED (__LOCK_REGION_LENGTH__)?__LOCK_REGION_LENGTH__:0x400
                0x00000400                __SIGNATURE_REGION_LENGTH__ = DEFINED (__SIGNATURE_REGION_LENGTH__)?__SIGNATURE_REGION_LENGTH__:0x400
                0x00000400                __USER_SIGNATURE_REGION_LENGTH__ = DEFINED (__USER_SIGNATURE_REGION_LENGTH__)?__USER_SIGNATURE_REGION_LENGTH__:0x400

.hash
 *(.hash)

.dynsym
 *(.dynsym)

.dynstr
 *(.dynstr)

.gnu.version
 *(.gnu.version)

.gnu.version_d
 *(.gnu.version_d)

.gnu.version_r
 *(.gnu.version_r)

.rel.init
 *(.rel.init)

.rela.init
 *(.rela.init)

.rel.text
 *(.rel.text)
 *(.rel.text.*)
 *(.rel.gnu.linkonce.t*)

.rela.text
 *(.rela.text)
 *(.rela.text.*)
 *(.rela.gnu.linkonce.t*)

.rel.fini
 *(.rel.fini)

.rela.fini
 *(.rela.fini)

.rel.rodata
 *(.rel.rodata)
 *(.rel.rodata.*)
 *(.rel.gnu.linkonce.r*)

.rela.rodata
 *(.rela.rodata)
 *(.rela.rodata.*)
 *(.rela.gnu.linkonce.r*)

.rel.data
 *(.rel.data)
 *(.rel.data.*)
 *(.rel.gnu.linkonce.d*)

.rela.data
 *(.rela.data)
 *(.rela.data.*)
 *(.rela.gnu.linkonce.d*)

.rel.ctors
 *(.rel.ctors)

.rela.ctors
 *(.rela.ctors)

.rel.dtors
 *(.rel.dtors)

.rela.dtors
 *(.rela.dtors)

.rel.got
 *(.rel.got)

.rela.got
 *(.rela.got)

.rel.bss
 *(.rel.bss)

.rela.bss
 *(.rela.bss)

.rel.plt
 *(.rel.plt)

.rela.plt
 *(.rela.plt)

.text           0x00000000      0x672
 *(.vectors)
 .vectors       0x00000000       0x34 C:/Users/willi/Documents/12. MicroShipStudio/7.0/Packs/atmel/ATtiny_DFP/1.8.332/gcc/dev/attiny828/avr25/crtattiny828.o
                0x00000000                __vector_default
                0x00000000                __vectors
 *(.vectors)
 *(.progmem.gcc*)
                0x00000034                . = ALIGN (0x2)
                0x00000034                __trampolines_start = .
 *(.trampolines)
 .trampolines   0x00000034        0x0 linker stubs
 *(.trampolines*)
                0x00000034                __trampolines_end = .
 *libprintf_flt.a:*(.progmem.data)
 *libc.a:*(.progmem.data)
 *(.progmem*)
                0x00000034                . = ALIGN (0x2)
 *(.jumptables)
 *(.jumptables*)
 *(.lowtext)
 *(.lowtext*)
                0x00000034                __ctors_start = .
 *(.ctors)
                0x00000034                __ctors_end = .
                0x00000034                __dtors_start = .
 *(.dtors)
                0x00000034                __dtors_end = .
 SORT(*)(.ctors)
 SORT(*)(.dtors)
 *(.init0)
 .init0         0x00000034        0x0 C:/Users/willi/Documents/12. MicroShipStudio/7.0/Packs/atmel/ATtiny_DFP/1.8.332/gcc/dev/attiny828/avr25/crtattiny828.o
                0x00000034                __init
 *(.init0)
 *(.init1)
 *(.init1)
 *(.init2)
 .init2         0x00000034        0xc C:/Users/willi/Documents/12. MicroShipStudio/7.0/Packs/atmel/ATtiny_DFP/1.8.332/gcc/dev/attiny828/avr25/crtattiny828.o
 *(.init2)
 *(.init3)
 *(.init3)
 *(.init4)
 .init4         0x00000040       0x16 c:/users/willi/documents/12. microshipstudio/7.0/toolchain/avr8/avr8-gnu-toolchain/bin/../lib/gcc/avr/5.4.0/avr25\libgcc.a(_copy_data.o)
                0x00000040                __do_copy_data
 .init4         0x00000056       0x10 c:/users/willi/documents/12. microshipstudio/7.0/toolchain/avr8/avr8-gnu-toolchain/bin/../lib/gcc/avr/5.4.0/avr25\libgcc.a(_clear_bss.o)
                0x00000056                __do_clear_bss
 *(.init4)
 *(.init5)
 *(.init5)
 *(.init6)
 *(.init6)
 *(.init7)
 *(.init7)
 *(.init8)
 *(.init8)
 *(.init9)
 .init9         0x00000066        0x4 C:/Users/willi/Documents/12. MicroShipStudio/7.0/Packs/atmel/ATtiny_DFP/1.8.332/gcc/dev/attiny828/avr25/crtattiny828.o
 *(.init9)
 *(.text)
 .text          0x0000006a        0x2 C:/Users/willi/Documents/12. MicroShipStudio/7.0/Packs/atmel/ATtiny_DFP/1.8.332/gcc/dev/attiny828/avr25/crtattiny828.o
                0x0000006a                __vector_22
                0x0000006a                __vector_1
                0x0000006a                __vector_24
                0x0000006a                __vector_12
                0x0000006a                __bad_interrupt
                0x0000006a                __vector_6
                0x0000006a                __vector_3
                0x0000006a                __vector_23
                0x0000006a                __vector_25
                0x0000006a                __vector_11
                0x0000006a                __vector_13
                0x0000006a                __vector_17
                0x0000006a                __vector_19
                0x0000006a                __vector_7
                0x0000006a                __vector_5
                0x0000006a                __vector_4
                0x0000006a                __vector_9
                0x0000006a                __vector_2
                0x0000006a                __vector_21
                0x0000006a                __vector_15
                0x0000006a                __vector_8
                0x0000006a                __vector_14
                0x0000006a                __vector_10
                0x0000006a                __vector_16
                0x0000006a                __vector_18
                0x0000006a                __vector_20
                0x0000006c                . = ALIGN (0x2)
 *(.text.*)
 .text.setRS    0x0000006c        0x8 Display/Display.o
                0x0000006c                setRS
 .text.clearRS  0x00000074        0x8 Display/Display.o
                0x00000074                clearRS
 .text.setEnable
                0x0000007c        0x8 Display/Display.o
                0x0000007c                setEnable
 .text.clearEnable
                0x00000084        0x8 Display/Display.o
                0x00000084                clearEnable
 .text.sendByte
                0x0000008c       0x1e Display/Display.o
                0x0000008c                sendByte
 .text.sendNibble
                0x000000aa       0x52 Display/Display.o
                0x000000aa                sendNibble
 .text.clearLCD
                0x000000fc       0x12 Display/Display.o
                0x000000fc                clearLCD
 .text.cursorHome
                0x0000010e       0x12 Display/Display.o
                0x0000010e                cursorHome
 .text.writeToDisplay
                0x00000120       0x54 Display/Display.o
                0x00000120                writeToDisplay
 .text.updateDisplay
                0x00000174      0x232 Display/Display.o
                0x00000174                updateDisplay
 .text.initDisplay
                0x000003a6       0xba Display/Display.o
                0x000003a6                initDisplay
 .text.clkLow   0x00000460        0x8 I2C/I2C.o
                0x00000460                clkLow
 .text.clkHigh  0x00000468        0x8 I2C/I2C.o
                0x00000468                clkHigh
 .text.clkPulse
                0x00000470       0x16 I2C/I2C.o
                0x00000470                clkPulse
 .text.sdaLow   0x00000486        0x8 I2C/I2C.o
                0x00000486                sdaLow
 .text.startCom
                0x0000048e       0x16 I2C/I2C.o
                0x0000048e                startCom
 .text.sdaHigh  0x000004a4        0x8 I2C/I2C.o
                0x000004a4                sdaHigh
 .text.initI2C  0x000004ac        0xe I2C/I2C.o
                0x000004ac                initI2C
 .text.sendI2C  0x000004ba       0x2a I2C/I2C.o
                0x000004ba                sendI2C
 .text.finishCom
                0x000004e4       0x16 I2C/I2C.o
                0x000004e4                finishCom
 .text.setTDAValue
                0x000004fa       0x24 I2C/I2C.o
                0x000004fa                setTDAValue
 .text.initIO   0x0000051e       0x18 main.o
                0x0000051e                initIO
 .text.initADC  0x00000536       0x2e main.o
                0x00000536                initADC
 .text.ReadADCPinValue
                0x00000564       0x24 main.o
                0x00000564                ReadADCPinValue
 .text.main     0x00000588       0x82 main.o
                0x00000588                main
 .text.reverse  0x0000060a       0x4c main.o
                0x0000060a                reverse
 .text.libgcc.div
                0x00000656       0x18 c:/users/willi/documents/12. microshipstudio/7.0/toolchain/avr8/avr8-gnu-toolchain/bin/../lib/gcc/avr/5.4.0/avr25\libgcc.a(_udivmodqi4.o)
                0x00000656                __udivmodqi4
                0x0000066e                . = ALIGN (0x2)
 *(.fini9)
 .fini9         0x0000066e        0x0 c:/users/willi/documents/12. microshipstudio/7.0/toolchain/avr8/avr8-gnu-toolchain/bin/../lib/gcc/avr/5.4.0/avr25\libgcc.a(_exit.o)
                0x0000066e                _exit
                0x0000066e                exit
 *(.fini9)
 *(.fini8)
 *(.fini8)
 *(.fini7)
 *(.fini7)
 *(.fini6)
 *(.fini6)
 *(.fini5)
 *(.fini5)
 *(.fini4)
 *(.fini4)
 *(.fini3)
 *(.fini3)
 *(.fini2)
 *(.fini2)
 *(.fini1)
 *(.fini1)
 *(.fini0)
 .fini0         0x0000066e        0x4 c:/users/willi/documents/12. microshipstudio/7.0/toolchain/avr8/avr8-gnu-toolchain/bin/../lib/gcc/avr/5.4.0/avr25\libgcc.a(_exit.o)
 *(.fini0)
                0x00000672                _etext = .

.data           0x00800100       0x3e load address 0x00000672
                0x00800100                PROVIDE (__data_start, .)
 *(.data)
 *(.data*)
 *(.gnu.linkonce.d*)
 *(.rodata)
 *(.rodata*)
 .rodata.str1.1
                0x00800100       0x3d Display/Display.o
                                 0x5f (size before relaxing)
 *(.gnu.linkonce.r*)
                0x0080013e                . = ALIGN (0x2)
 *fill*         0x0080013d        0x1 
                0x0080013e                _edata = .
                0x0080013e                PROVIDE (__data_end, .)

.bss            0x0080013e        0x2
                0x0080013e                PROVIDE (__bss_start, .)
 *(.bss)
 *(.bss*)
 .bss.barsPrev.1911
                0x0080013e        0x1 Display/Display.o
 .bss.muxPrev.1912
                0x0080013f        0x1 Display/Display.o
 *(COMMON)
                0x00800140                PROVIDE (__bss_end, .)
                0x00000672                __data_load_start = LOADADDR (.data)
                0x000006b0                __data_load_end = (__data_load_start + SIZEOF (.data))

.noinit         0x00800140        0x0
                [!provide]                PROVIDE (__noinit_start, .)
 *(.noinit*)
                [!provide]                PROVIDE (__noinit_end, .)
                0x00800140                _end = .
                [!provide]                PROVIDE (__heap_start, .)

.eeprom         0x00810000        0x0
 *(.eeprom*)
                0x00810000                __eeprom_end = .

.fuse
 *(.fuse)
 *(.lfuse)
 *(.hfuse)
 *(.efuse)

.lock
 *(.lock*)

.signature
 *(.signature*)

.user_signatures
 *(.user_signatures*)

.stab
 *(.stab)

.stabstr
 *(.stabstr)

.stab.excl
 *(.stab.excl)

.stab.exclstr
 *(.stab.exclstr)

.stab.index
 *(.stab.index)

.stab.indexstr
 *(.stab.indexstr)

.comment        0x00000000       0x30
 *(.comment)
 .comment       0x00000000       0x30 Display/Display.o
                                 0x31 (size before relaxing)
 .comment       0x00000030       0x31 I2C/I2C.o
 .comment       0x00000030       0x31 main.o

.note.gnu.avr.deviceinfo
                0x00000000       0x3c
 .note.gnu.avr.deviceinfo
                0x00000000       0x3c C:/Users/willi/Documents/12. MicroShipStudio/7.0/Packs/atmel/ATtiny_DFP/1.8.332/gcc/dev/attiny828/avr25/crtattiny828.o

.note.gnu.build-id
 *(.note.gnu.build-id)

.debug
 *(.debug)

.line
 *(.line)

.debug_srcinfo
 *(.debug_srcinfo)

.debug_sfnames
 *(.debug_sfnames)

.debug_aranges  0x00000000      0x130
 *(.debug_aranges)
 .debug_aranges
                0x00000000       0x70 Display/Display.o
 .debug_aranges
                0x00000070       0x68 I2C/I2C.o
 .debug_aranges
                0x000000d8       0x58 main.o

.debug_pubnames
 *(.debug_pubnames)

.debug_info     0x00000000     0x195b
 *(.debug_info .gnu.linkonce.wi.*)
 .debug_info    0x00000000      0x6cc C:/Users/willi/Documents/12. MicroShipStudio/7.0/Packs/atmel/ATtiny_DFP/1.8.332/gcc/dev/attiny828/avr25/crtattiny828.o
 .debug_info    0x000006cc      0xa6f Display/Display.o
 .debug_info    0x0000113b      0x4b2 I2C/I2C.o
 .debug_info    0x000015ed      0x36e main.o

.debug_abbrev   0x00000000      0xaf5
 *(.debug_abbrev)
 .debug_abbrev  0x00000000      0x66e C:/Users/willi/Documents/12. MicroShipStudio/7.0/Packs/atmel/ATtiny_DFP/1.8.332/gcc/dev/attiny828/avr25/crtattiny828.o
 .debug_abbrev  0x0000066e      0x1cc Display/Display.o
 .debug_abbrev  0x0000083a      0x17c I2C/I2C.o
 .debug_abbrev  0x000009b6      0x13f main.o

.debug_line     0x00000000      0xb7d
 *(.debug_line .debug_line.* .debug_line_end)
 .debug_line    0x00000000      0x134 C:/Users/willi/Documents/12. MicroShipStudio/7.0/Packs/atmel/ATtiny_DFP/1.8.332/gcc/dev/attiny828/avr25/crtattiny828.o
 .debug_line    0x00000134      0x4dd Display/Display.o
 .debug_line    0x00000611      0x2cb I2C/I2C.o
 .debug_line    0x000008dc      0x2a1 main.o

.debug_frame    0x00000000      0x26c
 *(.debug_frame)
 .debug_frame   0x00000000      0x108 Display/Display.o
 .debug_frame   0x00000108       0xd0 I2C/I2C.o
 .debug_frame   0x000001d8       0x94 main.o

.debug_str      0x00000000      0x690
 *(.debug_str)
 .debug_str     0x00000000      0x25e C:/Users/willi/Documents/12. MicroShipStudio/7.0/Packs/atmel/ATtiny_DFP/1.8.332/gcc/dev/attiny828/avr25/crtattiny828.o
 .debug_str     0x0000025e      0x312 Display/Display.o
                                0x353 (size before relaxing)
 .debug_str     0x00000570       0x9a I2C/I2C.o
                                0x2af (size before relaxing)
 .debug_str     0x0000060a       0x86 main.o
                                0x281 (size before relaxing)

.debug_loc      0x00000000      0xdee
 *(.debug_loc)
 .debug_loc     0x00000000      0x974 Display/Display.o
 .debug_loc     0x00000974      0x2b7 I2C/I2C.o
 .debug_loc     0x00000c2b      0x1c3 main.o

.debug_macinfo
 *(.debug_macinfo)

.debug_weaknames
 *(.debug_weaknames)

.debug_funcnames
 *(.debug_funcnames)

.debug_typenames
 *(.debug_typenames)

.debug_varnames
 *(.debug_varnames)

.debug_pubtypes
 *(.debug_pubtypes)

.debug_ranges   0x00000000      0x100
 *(.debug_ranges)
 .debug_ranges  0x00000000       0x60 Display/Display.o
 .debug_ranges  0x00000060       0x58 I2C/I2C.o
 .debug_ranges  0x000000b8       0x48 main.o

.debug_macro
 *(.debug_macro)
OUTPUT(Practice Enterprise 2.elf elf32-avr)
LOAD linker stubs
