Archive member included to satisfy reference by file (symbol)

c:/users/willi/documents/12. microshipstudio/7.0/toolchain/avr8/avr8-gnu-toolchain/bin/../lib/gcc/avr/5.4.0/avr25\libgcc.a(_udivmodqi4.o)
                              Display/Display.o (__udivmodqi4)
c:/users/willi/documents/12. microshipstudio/7.0/toolchain/avr8/avr8-gnu-toolchain/bin/../lib/gcc/avr/5.4.0/avr25\libgcc.a(_exit.o)
                              C:/Users/willi/Documents/12. MicroShipStudio/7.0/Packs/atmel/ATtiny_DFP/1.8.332/gcc/dev/attiny828/avr25/crtattiny828.o (exit)
c:/users/willi/documents/12. microshipstudio/7.0/toolchain/avr8/avr8-gnu-toolchain/bin/../lib/gcc/avr/5.4.0/avr25\libgcc.a(_copy_data.o)
                              Display/Display.o (__do_copy_data)
c:/users/willi/documents/12. microshipstudio/7.0/toolchain/avr8/avr8-gnu-toolchain/bin/../lib/gcc/avr/5.4.0/avr25\libgcc.a(_clear_bss.o)
                              Display/Display.o (__do_clear_bss)

Allocating common symbols
Common symbol       size              file

barStr              0x14              Display/Display.o
muxStr              0x2               Display/Display.o

Discarded input sections

 .data          0x00000000        0x0 C:/Users/willi/Documents/12. MicroShipStudio/7.0/Packs/atmel/ATtiny_DFP/1.8.332/gcc/dev/attiny828/avr25/crtattiny828.o
 .bss           0x00000000        0x0 C:/Users/willi/Documents/12. MicroShipStudio/7.0/Packs/atmel/ATtiny_DFP/1.8.332/gcc/dev/attiny828/avr25/crtattiny828.o
 .text          0x00000000        0x0 Display/Display.o
 .data          0x00000000        0x0 Display/Display.o
 .bss           0x00000000        0x0 Display/Display.o
 .text          0x00000000        0x0 EEPROM/EEPROM.o
 .data          0x00000000        0x0 EEPROM/EEPROM.o
 .bss           0x00000000        0x0 EEPROM/EEPROM.o
 .text          0x00000000        0x0 I2C/I2C.o
 .data          0x00000000        0x0 I2C/I2C.o
 .bss           0x00000000        0x0 I2C/I2C.o
 .text          0x00000000        0x0 main.o
 .data          0x00000000        0x0 main.o
 .bss           0x00000000        0x0 main.o
 .bss.muteLeds  0x00000000        0x1 main.o
 .text          0x00000000        0x0 TDA/TDA.o
 .data          0x00000000        0x0 TDA/TDA.o
 .bss           0x00000000        0x0 TDA/TDA.o
 .text          0x00000000        0x0 c:/users/willi/documents/12. microshipstudio/7.0/toolchain/avr8/avr8-gnu-toolchain/bin/../lib/gcc/avr/5.4.0/avr25\libgcc.a(_udivmodqi4.o)
 .data          0x00000000        0x0 c:/users/willi/documents/12. microshipstudio/7.0/toolchain/avr8/avr8-gnu-toolchain/bin/../lib/gcc/avr/5.4.0/avr25\libgcc.a(_udivmodqi4.o)
 .bss           0x00000000        0x0 c:/users/willi/documents/12. microshipstudio/7.0/toolchain/avr8/avr8-gnu-toolchain/bin/../lib/gcc/avr/5.4.0/avr25\libgcc.a(_udivmodqi4.o)
 .text.libgcc.mul
                0x00000000        0x0 c:/users/willi/documents/12. microshipstudio/7.0/toolchain/avr8/avr8-gnu-toolchain/bin/../lib/gcc/avr/5.4.0/avr25\libgcc.a(_udivmodqi4.o)
 .text.libgcc   0x00000000        0x0 c:/users/willi/documents/12. microshipstudio/7.0/toolchain/avr8/avr8-gnu-toolchain/bin/../lib/gcc/avr/5.4.0/avr25\libgcc.a(_udivmodqi4.o)
 .text.libgcc.prologue
                0x00000000        0x0 c:/users/willi/documents/12. microshipstudio/7.0/toolchain/avr8/avr8-gnu-toolchain/bin/../lib/gcc/avr/5.4.0/avr25\libgcc.a(_udivmodqi4.o)
 .text.libgcc.builtins
                0x00000000        0x0 c:/users/willi/documents/12. microshipstudio/7.0/toolchain/avr8/avr8-gnu-toolchain/bin/../lib/gcc/avr/5.4.0/avr25\libgcc.a(_udivmodqi4.o)
 .text.libgcc.fmul
                0x00000000        0x0 c:/users/willi/documents/12. microshipstudio/7.0/toolchain/avr8/avr8-gnu-toolchain/bin/../lib/gcc/avr/5.4.0/avr25\libgcc.a(_udivmodqi4.o)
 .text.libgcc.fixed
                0x00000000        0x0 c:/users/willi/documents/12. microshipstudio/7.0/toolchain/avr8/avr8-gnu-toolchain/bin/../lib/gcc/avr/5.4.0/avr25\libgcc.a(_udivmodqi4.o)
 .text          0x00000000        0x0 c:/users/willi/documents/12. microshipstudio/7.0/toolchain/avr8/avr8-gnu-toolchain/bin/../lib/gcc/avr/5.4.0/avr25\libgcc.a(_exit.o)
 .data          0x00000000        0x0 c:/users/willi/documents/12. microshipstudio/7.0/toolchain/avr8/avr8-gnu-toolchain/bin/../lib/gcc/avr/5.4.0/avr25\libgcc.a(_exit.o)
 .bss           0x00000000        0x0 c:/users/willi/documents/12. microshipstudio/7.0/toolchain/avr8/avr8-gnu-toolchain/bin/../lib/gcc/avr/5.4.0/avr25\libgcc.a(_exit.o)
 .text.libgcc.mul
                0x00000000        0x0 c:/users/willi/documents/12. microshipstudio/7.0/toolchain/avr8/avr8-gnu-toolchain/bin/../lib/gcc/avr/5.4.0/avr25\libgcc.a(_exit.o)
 .text.libgcc.div
                0x00000000        0x0 c:/users/willi/documents/12. microshipstudio/7.0/toolchain/avr8/avr8-gnu-toolchain/bin/../lib/gcc/avr/5.4.0/avr25\libgcc.a(_exit.o)
 .text.libgcc   0x00000000        0x0 c:/users/willi/documents/12. microshipstudio/7.0/toolchain/avr8/avr8-gnu-toolchain/bin/../lib/gcc/avr/5.4.0/avr25\libgcc.a(_exit.o)
 .text.libgcc.prologue
                0x00000000        0x0 c:/users/willi/documents/12. microshipstudio/7.0/toolchain/avr8/avr8-gnu-toolchain/bin/../lib/gcc/avr/5.4.0/avr25\libgcc.a(_exit.o)
 .text.libgcc.builtins
                0x00000000        0x0 c:/users/willi/documents/12. microshipstudio/7.0/toolchain/avr8/avr8-gnu-toolchain/bin/../lib/gcc/avr/5.4.0/avr25\libgcc.a(_exit.o)
 .text.libgcc.fmul
                0x00000000        0x0 c:/users/willi/documents/12. microshipstudio/7.0/toolchain/avr8/avr8-gnu-toolchain/bin/../lib/gcc/avr/5.4.0/avr25\libgcc.a(_exit.o)
 .text.libgcc.fixed
                0x00000000        0x0 c:/users/willi/documents/12. microshipstudio/7.0/toolchain/avr8/avr8-gnu-toolchain/bin/../lib/gcc/avr/5.4.0/avr25\libgcc.a(_exit.o)
 .text          0x00000000        0x0 c:/users/willi/documents/12. microshipstudio/7.0/toolchain/avr8/avr8-gnu-toolchain/bin/../lib/gcc/avr/5.4.0/avr25\libgcc.a(_copy_data.o)
 .data          0x00000000        0x0 c:/users/willi/documents/12. microshipstudio/7.0/toolchain/avr8/avr8-gnu-toolchain/bin/../lib/gcc/avr/5.4.0/avr25\libgcc.a(_copy_data.o)
 .bss           0x00000000        0x0 c:/users/willi/documents/12. microshipstudio/7.0/toolchain/avr8/avr8-gnu-toolchain/bin/../lib/gcc/avr/5.4.0/avr25\libgcc.a(_copy_data.o)
 .text.libgcc.mul
                0x00000000        0x0 c:/users/willi/documents/12. microshipstudio/7.0/toolchain/avr8/avr8-gnu-toolchain/bin/../lib/gcc/avr/5.4.0/avr25\libgcc.a(_copy_data.o)
 .text.libgcc.div
                0x00000000        0x0 c:/users/willi/documents/12. microshipstudio/7.0/toolchain/avr8/avr8-gnu-toolchain/bin/../lib/gcc/avr/5.4.0/avr25\libgcc.a(_copy_data.o)
 .text.libgcc   0x00000000        0x0 c:/users/willi/documents/12. microshipstudio/7.0/toolchain/avr8/avr8-gnu-toolchain/bin/../lib/gcc/avr/5.4.0/avr25\libgcc.a(_copy_data.o)
 .text.libgcc.prologue
                0x00000000        0x0 c:/users/willi/documents/12. microshipstudio/7.0/toolchain/avr8/avr8-gnu-toolchain/bin/../lib/gcc/avr/5.4.0/avr25\libgcc.a(_copy_data.o)
 .text.libgcc.builtins
                0x00000000        0x0 c:/users/willi/documents/12. microshipstudio/7.0/toolchain/avr8/avr8-gnu-toolchain/bin/../lib/gcc/avr/5.4.0/avr25\libgcc.a(_copy_data.o)
 .text.libgcc.fmul
                0x00000000        0x0 c:/users/willi/documents/12. microshipstudio/7.0/toolchain/avr8/avr8-gnu-toolchain/bin/../lib/gcc/avr/5.4.0/avr25\libgcc.a(_copy_data.o)
 .text.libgcc.fixed
                0x00000000        0x0 c:/users/willi/documents/12. microshipstudio/7.0/toolchain/avr8/avr8-gnu-toolchain/bin/../lib/gcc/avr/5.4.0/avr25\libgcc.a(_copy_data.o)
 .text          0x00000000        0x0 c:/users/willi/documents/12. microshipstudio/7.0/toolchain/avr8/avr8-gnu-toolchain/bin/../lib/gcc/avr/5.4.0/avr25\libgcc.a(_clear_bss.o)
 .data          0x00000000        0x0 c:/users/willi/documents/12. microshipstudio/7.0/toolchain/avr8/avr8-gnu-toolchain/bin/../lib/gcc/avr/5.4.0/avr25\libgcc.a(_clear_bss.o)
 .bss           0x00000000        0x0 c:/users/willi/documents/12. microshipstudio/7.0/toolchain/avr8/avr8-gnu-toolchain/bin/../lib/gcc/avr/5.4.0/avr25\libgcc.a(_clear_bss.o)
 .text.libgcc.mul
                0x00000000        0x0 c:/users/willi/documents/12. microshipstudio/7.0/toolchain/avr8/avr8-gnu-toolchain/bin/../lib/gcc/avr/5.4.0/avr25\libgcc.a(_clear_bss.o)
 .text.libgcc.div
                0x00000000        0x0 c:/users/willi/documents/12. microshipstudio/7.0/toolchain/avr8/avr8-gnu-toolchain/bin/../lib/gcc/avr/5.4.0/avr25\libgcc.a(_clear_bss.o)
 .text.libgcc   0x00000000        0x0 c:/users/willi/documents/12. microshipstudio/7.0/toolchain/avr8/avr8-gnu-toolchain/bin/../lib/gcc/avr/5.4.0/avr25\libgcc.a(_clear_bss.o)
 .text.libgcc.prologue
                0x00000000        0x0 c:/users/willi/documents/12. microshipstudio/7.0/toolchain/avr8/avr8-gnu-toolchain/bin/../lib/gcc/avr/5.4.0/avr25\libgcc.a(_clear_bss.o)
 .text.libgcc.builtins
                0x00000000        0x0 c:/users/willi/documents/12. microshipstudio/7.0/toolchain/avr8/avr8-gnu-toolchain/bin/../lib/gcc/avr/5.4.0/avr25\libgcc.a(_clear_bss.o)
 .text.libgcc.fmul
                0x00000000        0x0 c:/users/willi/documents/12. microshipstudio/7.0/toolchain/avr8/avr8-gnu-toolchain/bin/../lib/gcc/avr/5.4.0/avr25\libgcc.a(_clear_bss.o)
 .text.libgcc.fixed
                0x00000000        0x0 c:/users/willi/documents/12. microshipstudio/7.0/toolchain/avr8/avr8-gnu-toolchain/bin/../lib/gcc/avr/5.4.0/avr25\libgcc.a(_clear_bss.o)

Memory Configuration

Name             Origin             Length             Attributes
text             0x00000000         0x00002000         xr
data             0x00800100         0x00000200         rw !x
eeprom           0x00810000         0x00000100         rw !x
fuse             0x00820000         0x00000003         rw !x
lock             0x00830000         0x00000400         rw !x
signature        0x00840000         0x00000400         rw !x
user_signatures  0x00850000         0x00000400         rw !x
*default*        0x00000000         0xffffffff

Linker script and memory map

Address of section .data set to 0x800100
LOAD C:/Users/willi/Documents/12. MicroShipStudio/7.0/Packs/atmel/ATtiny_DFP/1.8.332/gcc/dev/attiny828/avr25/crtattiny828.o
LOAD Display/Display.o
LOAD EEPROM/EEPROM.o
LOAD I2C/I2C.o
LOAD main.o
LOAD TDA/TDA.o
START GROUP
LOAD c:/users/willi/documents/12. microshipstudio/7.0/toolchain/avr8/avr8-gnu-toolchain/bin/../lib/gcc/avr/5.4.0/../../../../avr/lib/avr25\libm.a
END GROUP
START GROUP
LOAD c:/users/willi/documents/12. microshipstudio/7.0/toolchain/avr8/avr8-gnu-toolchain/bin/../lib/gcc/avr/5.4.0/avr25\libgcc.a
LOAD c:/users/willi/documents/12. microshipstudio/7.0/toolchain/avr8/avr8-gnu-toolchain/bin/../lib/gcc/avr/5.4.0/../../../../avr/lib/avr25\libm.a
LOAD c:/users/willi/documents/12. microshipstudio/7.0/toolchain/avr8/avr8-gnu-toolchain/bin/../lib/gcc/avr/5.4.0/../../../../avr/lib/avr25\libc.a
LOAD C:/Users/willi/Documents/12. MicroShipStudio/7.0/Packs/atmel/ATtiny_DFP/1.8.332/gcc/dev/attiny828/avr25\libattiny828.a
END GROUP
                [0x00000000]                __TEXT_REGION_ORIGIN__ = DEFINED (__TEXT_REGION_ORIGIN__)?__TEXT_REGION_ORIGIN__:0x0
                [0x00800100]                __DATA_REGION_ORIGIN__ = DEFINED (__DATA_REGION_ORIGIN__)?__DATA_REGION_ORIGIN__:0x800060
                [0x00002000]                __TEXT_REGION_LENGTH__ = DEFINED (__TEXT_REGION_LENGTH__)?__TEXT_REGION_LENGTH__:0x2000
                [0x00000200]                __DATA_REGION_LENGTH__ = DEFINED (__DATA_REGION_LENGTH__)?__DATA_REGION_LENGTH__:0xffa0
                [0x00000100]                __EEPROM_REGION_LENGTH__ = DEFINED (__EEPROM_REGION_LENGTH__)?__EEPROM_REGION_LENGTH__:0x10000
                [0x00000003]                __FUSE_REGION_LENGTH__ = DEFINED (__FUSE_REGION_LENGTH__)?__FUSE_REGION_LENGTH__:0x400
                0x00000400                __LOCK_REGION_LENGTH__ = DEFINED (__LOCK_REGION_LENGTH__)?__LOCK_REGION_LENGTH__:0x400
                0x00000400                __SIGNATURE_REGION_LENGTH__ = DEFINED (__SIGNATURE_REGION_LENGTH__)?__SIGNATURE_REGION_LENGTH__:0x400
                0x00000400                __USER_SIGNATURE_REGION_LENGTH__ = DEFINED (__USER_SIGNATURE_REGION_LENGTH__)?__USER_SIGNATURE_REGION_LENGTH__:0x400

.hash
 *(.hash)

.dynsym
 *(.dynsym)

.dynstr
 *(.dynstr)

.gnu.version
 *(.gnu.version)

.gnu.version_d
 *(.gnu.version_d)

.gnu.version_r
 *(.gnu.version_r)

.rel.init
 *(.rel.init)

.rela.init
 *(.rela.init)

.rel.text
 *(.rel.text)
 *(.rel.text.*)
 *(.rel.gnu.linkonce.t*)

.rela.text
 *(.rela.text)
 *(.rela.text.*)
 *(.rela.gnu.linkonce.t*)

.rel.fini
 *(.rel.fini)

.rela.fini
 *(.rela.fini)

.rel.rodata
 *(.rel.rodata)
 *(.rel.rodata.*)
 *(.rel.gnu.linkonce.r*)

.rela.rodata
 *(.rela.rodata)
 *(.rela.rodata.*)
 *(.rela.gnu.linkonce.r*)

.rel.data
 *(.rel.data)
 *(.rel.data.*)
 *(.rel.gnu.linkonce.d*)

.rela.data
 *(.rela.data)
 *(.rela.data.*)
 *(.rela.gnu.linkonce.d*)

.rel.ctors
 *(.rel.ctors)

.rela.ctors
 *(.rela.ctors)

.rel.dtors
 *(.rel.dtors)

.rela.dtors
 *(.rela.dtors)

.rel.got
 *(.rel.got)

.rela.got
 *(.rela.got)

.rel.bss
 *(.rel.bss)

.rela.bss
 *(.rela.bss)

.rel.plt
 *(.rel.plt)

.rela.plt
 *(.rela.plt)

.text           0x00000000      0x712
 *(.vectors)
 .vectors       0x00000000       0x34 C:/Users/willi/Documents/12. MicroShipStudio/7.0/Packs/atmel/ATtiny_DFP/1.8.332/gcc/dev/attiny828/avr25/crtattiny828.o
                0x00000000                __vector_default
                0x00000000                __vectors
 *(.vectors)
 *(.progmem.gcc*)
                0x00000034                . = ALIGN (0x2)
                0x00000034                __trampolines_start = .
 *(.trampolines)
 .trampolines   0x00000034        0x0 linker stubs
 *(.trampolines*)
                0x00000034                __trampolines_end = .
 *libprintf_flt.a:*(.progmem.data)
 *libc.a:*(.progmem.data)
 *(.progmem*)
                0x00000034                . = ALIGN (0x2)
 *(.jumptables)
 *(.jumptables*)
 *(.lowtext)
 *(.lowtext*)
                0x00000034                __ctors_start = .
 *(.ctors)
                0x00000034                __ctors_end = .
                0x00000034                __dtors_start = .
 *(.dtors)
                0x00000034                __dtors_end = .
 SORT(*)(.ctors)
 SORT(*)(.dtors)
 *(.init0)
 .init0         0x00000034        0x0 C:/Users/willi/Documents/12. MicroShipStudio/7.0/Packs/atmel/ATtiny_DFP/1.8.332/gcc/dev/attiny828/avr25/crtattiny828.o
                0x00000034                __init
 *(.init0)
 *(.init1)
 *(.init1)
 *(.init2)
 .init2         0x00000034        0xc C:/Users/willi/Documents/12. MicroShipStudio/7.0/Packs/atmel/ATtiny_DFP/1.8.332/gcc/dev/attiny828/avr25/crtattiny828.o
 *(.init2)
 *(.init3)
 *(.init3)
 *(.init4)
 .init4         0x00000040       0x16 c:/users/willi/documents/12. microshipstudio/7.0/toolchain/avr8/avr8-gnu-toolchain/bin/../lib/gcc/avr/5.4.0/avr25\libgcc.a(_copy_data.o)
                0x00000040                __do_copy_data
 .init4         0x00000056       0x10 c:/users/willi/documents/12. microshipstudio/7.0/toolchain/avr8/avr8-gnu-toolchain/bin/../lib/gcc/avr/5.4.0/avr25\libgcc.a(_clear_bss.o)
                0x00000056                __do_clear_bss
 *(.init4)
 *(.init5)
 *(.init5)
 *(.init6)
 *(.init6)
 *(.init7)
 *(.init7)
 *(.init8)
 *(.init8)
 *(.init9)
 .init9         0x00000066        0x4 C:/Users/willi/Documents/12. MicroShipStudio/7.0/Packs/atmel/ATtiny_DFP/1.8.332/gcc/dev/attiny828/avr25/crtattiny828.o
 *(.init9)
 *(.text)
 .text          0x0000006a        0x2 C:/Users/willi/Documents/12. MicroShipStudio/7.0/Packs/atmel/ATtiny_DFP/1.8.332/gcc/dev/attiny828/avr25/crtattiny828.o
                0x0000006a                __vector_22
                0x0000006a                __vector_1
                0x0000006a                __vector_24
                0x0000006a                __vector_12
                0x0000006a                __bad_interrupt
                0x0000006a                __vector_6
                0x0000006a                __vector_3
                0x0000006a                __vector_23
                0x0000006a                __vector_25
                0x0000006a                __vector_11
                0x0000006a                __vector_13
                0x0000006a                __vector_17
                0x0000006a                __vector_19
                0x0000006a                __vector_7
                0x0000006a                __vector_5
                0x0000006a                __vector_4
                0x0000006a                __vector_2
                0x0000006a                __vector_21
                0x0000006a                __vector_15
                0x0000006a                __vector_8
                0x0000006a                __vector_14
                0x0000006a                __vector_10
                0x0000006a                __vector_16
                0x0000006a                __vector_18
                0x0000006a                __vector_20
                0x0000006c                . = ALIGN (0x2)
 *(.text.*)
 .text.setRS    0x0000006c        0x8 Display/Display.o
                0x0000006c                setRS
 .text.clearRS  0x00000074        0x8 Display/Display.o
                0x00000074                clearRS
 .text.setEnable
                0x0000007c        0x8 Display/Display.o
                0x0000007c                setEnable
 .text.clearEnable
                0x00000084        0x8 Display/Display.o
                0x00000084                clearEnable
 .text.sendByteByNibble
                0x0000008c       0x4c Display/Display.o
                0x0000008c                sendByteByNibble
 .text.clearLCD
                0x000000d8       0x12 Display/Display.o
                0x000000d8                clearLCD
 .text.cursorHome
                0x000000ea       0x12 Display/Display.o
                0x000000ea                cursorHome
 .text.writeToDisplay
                0x000000fc       0x50 Display/Display.o
                0x000000fc                writeToDisplay
 .text.updateDisplay
                0x0000014c      0x10a Display/Display.o
                0x0000014c                updateDisplay
 .text.loadingScreen
                0x00000256       0x98 Display/Display.o
                0x00000256                loadingScreen
 .text.initDisplay
                0x000002ee       0xa2 Display/Display.o
                0x000002ee                initDisplay
 .text.EEPROM_write
                0x00000390       0x1c EEPROM/EEPROM.o
                0x00000390                EEPROM_write
 .text.EEPROM_read
                0x000003ac       0x14 EEPROM/EEPROM.o
                0x000003ac                EEPROM_read
 .text.clkLow   0x000003c0        0x8 I2C/I2C.o
                0x000003c0                clkLow
 .text.clkHigh  0x000003c8        0x8 I2C/I2C.o
                0x000003c8                clkHigh
 .text.clkPulse
                0x000003d0       0x16 I2C/I2C.o
                0x000003d0                clkPulse
 .text.sdaLow   0x000003e6        0x8 I2C/I2C.o
                0x000003e6                sdaLow
 .text.startCom
                0x000003ee       0x16 I2C/I2C.o
                0x000003ee                startCom
 .text.sdaHigh  0x00000404        0x8 I2C/I2C.o
                0x00000404                sdaHigh
 .text.initI2C  0x0000040c        0xe I2C/I2C.o
                0x0000040c                initI2C
 .text.sendI2C  0x0000041a       0x2a I2C/I2C.o
                0x0000041a                sendI2C
 .text.finishCom
                0x00000444       0x16 I2C/I2C.o
                0x00000444                finishCom
 .text.setTDAValue
                0x0000045a       0x24 I2C/I2C.o
                0x0000045a                setTDAValue
 .text.initIO   0x0000047e       0x18 main.o
                0x0000047e                initIO
 .text.initADC  0x00000496       0x2e main.o
                0x00000496                initADC
 .text.ReadADCPinValue
                0x000004c4       0x1c main.o
                0x000004c4                ReadADCPinValue
 .text.initTimer1
                0x000004e0       0x2e main.o
                0x000004e0                initTimer1
 .text.reverse  0x0000050e       0x4c main.o
                0x0000050e                reverse
 .text.initclk  0x0000055a        0xa main.o
                0x0000055a                initclk
 .text.main     0x00000564       0xd2 main.o
                0x00000564                main
 .text.__vector_9
                0x00000636       0xa4 main.o
                0x00000636                __vector_9
 .text.convert4bits
                0x000006da       0x10 TDA/TDA.o
                0x000006da                convert4bits
 .text.convert6bits
                0x000006ea        0xc TDA/TDA.o
                0x000006ea                convert6bits
 .text.libgcc.div
                0x000006f6       0x18 c:/users/willi/documents/12. microshipstudio/7.0/toolchain/avr8/avr8-gnu-toolchain/bin/../lib/gcc/avr/5.4.0/avr25\libgcc.a(_udivmodqi4.o)
                0x000006f6                __udivmodqi4
                0x0000070e                . = ALIGN (0x2)
 *(.fini9)
 .fini9         0x0000070e        0x0 c:/users/willi/documents/12. microshipstudio/7.0/toolchain/avr8/avr8-gnu-toolchain/bin/../lib/gcc/avr/5.4.0/avr25\libgcc.a(_exit.o)
                0x0000070e                _exit
                0x0000070e                exit
 *(.fini9)
 *(.fini8)
 *(.fini8)
 *(.fini7)
 *(.fini7)
 *(.fini6)
 *(.fini6)
 *(.fini5)
 *(.fini5)
 *(.fini4)
 *(.fini4)
 *(.fini3)
 *(.fini3)
 *(.fini2)
 *(.fini2)
 *(.fini1)
 *(.fini1)
 *(.fini0)
 .fini0         0x0000070e        0x4 c:/users/willi/documents/12. microshipstudio/7.0/toolchain/avr8/avr8-gnu-toolchain/bin/../lib/gcc/avr/5.4.0/avr25\libgcc.a(_exit.o)
 *(.fini0)
                0x00000712                _etext = .

.data           0x00800100       0xc8 load address 0x00000712
                0x00800100                PROVIDE (__data_start, .)
 *(.data)
 *(.data*)
 .data.muxTable
                0x00800100        0x8 Display/Display.o
                0x00800100                muxTable
 .data.fullbarStrText
                0x00800108       0x15 Display/Display.o
                0x00800108                fullbarStrText
 .data.emptyStrText
                0x0080011d       0x14 Display/Display.o
                0x0080011d                emptyStrText
 .data.loadingStrText
                0x00800131       0x16 Display/Display.o
                0x00800131                loadingStrText
 .data.volStrText
                0x00800147        0x8 Display/Display.o
                0x00800147                volStrText
 .data.inpStrText
                0x0080014f       0x15 Display/Display.o
                0x0080014f                inpStrText
 .data.steps    0x00800164        0xf TDA/TDA.o
                0x00800164                steps
 *(.gnu.linkonce.d*)
 *(.rodata)
 *(.rodata*)
 .rodata.str1.1
                0x00800173       0x54 Display/Display.o
 *(.gnu.linkonce.r*)
                0x008001c8                . = ALIGN (0x2)
 *fill*         0x008001c7        0x1 
                0x008001c8                _edata = .
                0x008001c8                PROVIDE (__data_end, .)

.bss            0x008001c8       0x20
                0x008001c8                PROVIDE (__bss_start, .)
 *(.bss)
 *(.bss*)
 .bss.first     0x008001c8        0x1 Display/Display.o
                0x008001c8                first
 .bss.blanks    0x008001c9        0x1 Display/Display.o
                0x008001c9                blanks
 .bss.bars      0x008001ca        0x1 Display/Display.o
                0x008001ca                bars
 .bss.volumeSwitchState.1838
                0x008001cb        0x1 main.o
 .bss.treble    0x008001cc        0x1 main.o
                0x008001cc                treble
 .bss.midRange  0x008001cd        0x1 main.o
                0x008001cd                midRange
 .bss.bass      0x008001ce        0x1 main.o
                0x008001ce                bass
 .bss.gain      0x008001cf        0x1 main.o
                0x008001cf                gain
 .bss.mux       0x008001d0        0x1 main.o
                0x008001d0                mux
 .bss.volume    0x008001d1        0x1 main.o
                0x008001d1                volume
 *(COMMON)
 COMMON         0x008001d2       0x16 Display/Display.o
                0x008001d2                barStr
                0x008001e6                muxStr
                0x008001e8                PROVIDE (__bss_end, .)
                0x00000712                __data_load_start = LOADADDR (.data)
                0x000007da                __data_load_end = (__data_load_start + SIZEOF (.data))

.noinit         0x008001e8        0x0
                [!provide]                PROVIDE (__noinit_start, .)
 *(.noinit*)
                [!provide]                PROVIDE (__noinit_end, .)
                0x008001e8                _end = .
                [!provide]                PROVIDE (__heap_start, .)

.eeprom         0x00810000        0x0
 *(.eeprom*)
                0x00810000                __eeprom_end = .

.fuse
 *(.fuse)
 *(.lfuse)
 *(.hfuse)
 *(.efuse)

.lock
 *(.lock*)

.signature
 *(.signature*)

.user_signatures
 *(.user_signatures*)

.stab
 *(.stab)

.stabstr
 *(.stabstr)

.stab.excl
 *(.stab.excl)

.stab.exclstr
 *(.stab.exclstr)

.stab.index
 *(.stab.index)

.stab.indexstr
 *(.stab.indexstr)

.comment        0x00000000       0x30
 *(.comment)
 .comment       0x00000000       0x30 Display/Display.o
                                 0x31 (size before relaxing)
 .comment       0x00000030       0x31 EEPROM/EEPROM.o
 .comment       0x00000030       0x31 I2C/I2C.o
 .comment       0x00000030       0x31 main.o
 .comment       0x00000030       0x31 TDA/TDA.o

.note.gnu.avr.deviceinfo
                0x00000000       0x3c
 .note.gnu.avr.deviceinfo
                0x00000000       0x3c C:/Users/willi/Documents/12. MicroShipStudio/7.0/Packs/atmel/ATtiny_DFP/1.8.332/gcc/dev/attiny828/avr25/crtattiny828.o

.note.gnu.build-id
 *(.note.gnu.build-id)

.debug
 *(.debug)

.line
 *(.line)

.debug_srcinfo
 *(.debug_srcinfo)

.debug_sfnames
 *(.debug_sfnames)

.debug_aranges  0x00000000      0x180
 *(.debug_aranges)
 .debug_aranges
                0x00000000       0x70 Display/Display.o
 .debug_aranges
                0x00000070       0x28 EEPROM/EEPROM.o
 .debug_aranges
                0x00000098       0x68 I2C/I2C.o
 .debug_aranges
                0x00000100       0x58 main.o
 .debug_aranges
                0x00000158       0x28 TDA/TDA.o

.debug_pubnames
 *(.debug_pubnames)

.debug_info     0x00000000     0x1c6e
 *(.debug_info .gnu.linkonce.wi.*)
 .debug_info    0x00000000      0x6cc C:/Users/willi/Documents/12. MicroShipStudio/7.0/Packs/atmel/ATtiny_DFP/1.8.332/gcc/dev/attiny828/avr25/crtattiny828.o
 .debug_info    0x000006cc      0xad2 Display/Display.o
 .debug_info    0x0000119e       0xce EEPROM/EEPROM.o
 .debug_info    0x0000126c      0x4ab I2C/I2C.o
 .debug_info    0x00001717      0x449 main.o
 .debug_info    0x00001b60      0x10e TDA/TDA.o

.debug_abbrev   0x00000000      0xc20
 *(.debug_abbrev)
 .debug_abbrev  0x00000000      0x66e C:/Users/willi/Documents/12. MicroShipStudio/7.0/Packs/atmel/ATtiny_DFP/1.8.332/gcc/dev/attiny828/avr25/crtattiny828.o
 .debug_abbrev  0x0000066e      0x1bc Display/Display.o
 .debug_abbrev  0x0000082a       0x8b EEPROM/EEPROM.o
 .debug_abbrev  0x000008b5      0x173 I2C/I2C.o
 .debug_abbrev  0x00000a28      0x153 main.o
 .debug_abbrev  0x00000b7b       0xa5 TDA/TDA.o

.debug_line     0x00000000      0xdf3
 *(.debug_line .debug_line.* .debug_line_end)
 .debug_line    0x00000000      0x134 C:/Users/willi/Documents/12. MicroShipStudio/7.0/Packs/atmel/ATtiny_DFP/1.8.332/gcc/dev/attiny828/avr25/crtattiny828.o
 .debug_line    0x00000134      0x4b0 Display/Display.o
 .debug_line    0x000005e4      0x11d EEPROM/EEPROM.o
 .debug_line    0x00000701      0x2ca I2C/I2C.o
 .debug_line    0x000009cb      0x349 main.o
 .debug_line    0x00000d14       0xdf TDA/TDA.o

.debug_frame    0x00000000      0x308
 *(.debug_frame)
 .debug_frame   0x00000000       0xf4 Display/Display.o
 .debug_frame   0x000000f4       0x34 EEPROM/EEPROM.o
 .debug_frame   0x00000128       0xd0 I2C/I2C.o
 .debug_frame   0x000001f8       0xdc main.o
 .debug_frame   0x000002d4       0x34 TDA/TDA.o

.debug_str      0x00000000      0x73a
 *(.debug_str)
 .debug_str     0x00000000      0x25e C:/Users/willi/Documents/12. MicroShipStudio/7.0/Packs/atmel/ATtiny_DFP/1.8.332/gcc/dev/attiny828/avr25/crtattiny828.o
 .debug_str     0x0000025e      0x33f Display/Display.o
                                0x378 (size before relaxing)
 .debug_str     0x0000059d       0x3d EEPROM/EEPROM.o
                                0x1fc (size before relaxing)
 .debug_str     0x000005da       0x95 I2C/I2C.o
                                0x2af (size before relaxing)
 .debug_str     0x0000066f       0xb8 main.o
                                0x2d4 (size before relaxing)
 .debug_str     0x00000727       0x13 TDA/TDA.o
                                0x201 (size before relaxing)

.debug_loc      0x00000000      0xd54
 *(.debug_loc)
 .debug_loc     0x00000000      0x7c5 Display/Display.o
 .debug_loc     0x000007c5       0x4e EEPROM/EEPROM.o
 .debug_loc     0x00000813      0x366 I2C/I2C.o
 .debug_loc     0x00000b79      0x164 main.o
 .debug_loc     0x00000cdd       0x77 TDA/TDA.o

.debug_macinfo
 *(.debug_macinfo)

.debug_weaknames
 *(.debug_weaknames)

.debug_funcnames
 *(.debug_funcnames)

.debug_typenames
 *(.debug_typenames)

.debug_varnames
 *(.debug_varnames)

.debug_pubtypes
 *(.debug_pubtypes)

.debug_ranges   0x00000000      0x130
 *(.debug_ranges)
 .debug_ranges  0x00000000       0x60 Display/Display.o
 .debug_ranges  0x00000060       0x18 EEPROM/EEPROM.o
 .debug_ranges  0x00000078       0x58 I2C/I2C.o
 .debug_ranges  0x000000d0       0x48 main.o
 .debug_ranges  0x00000118       0x18 TDA/TDA.o

.debug_macro
 *(.debug_macro)
OUTPUT(Practice Enterprise 2.elf elf32-avr)
LOAD linker stubs
